process 1: 128 rows nullable=true max_utf8 passed
process 1: 65536 rows nullable=false min_i64 passed
process 1: 65536 rows nullable=false min_utf8 passed
process 1: 8192 rows nullable=true covar_i64 passed
process 1: 8192 rows nullable=true sum_i64 passed
process 1: 128 rows nullable=false avg_i64 passed
process 1: 65536 rows nullable=false mixed_7 passed
process 1: 128 rows nullable=false sum_i64 passed
process 1: 65536 rows nullable=true covar_i64 passed
process 1: 128 rows nullable=false sum_u64 passed
process 1: 8192 rows nullable=false avg_i64 passed
process 1: 128 rows nullable=true sum_u64 passed
process 1: 8192 rows nullable=false max_i64 passed
process 1: 128 rows nullable=false max_utf8 passed
process 1: 65536 rows nullable=false count_i64 passed
process 1: 65536 rows nullable=true sum_f64 passed
process 1: 8192 rows nullable=false count_i64 passed
process 1: 65536 rows nullable=false sum_u64 passed
process 1: 8192 rows nullable=false count_distinct_i64 passed
process 1: 128 rows nullable=true avg_i64 passed
process 1: 128 rows nullable=false mixed_7 passed
process 1: 65536 rows nullable=true count_distinct_i64 passed
process 1: 128 rows nullable=true mixed_7 passed
process 1: 65536 rows nullable=true mixed_7 passed
process 1: 128 rows nullable=true count_star passed
process 1: 8192 rows nullable=true min_i64 passed
process 1: 128 rows nullable=true sum_f64 passed
process 1: 65536 rows nullable=true avg_i64 passed
process 1: 65536 rows nullable=true min_i64 passed
process 1: 128 rows nullable=false min_i64 passed
process 1: 8192 rows nullable=false max_utf8 passed
process 1: 65536 rows nullable=false max_utf8 passed
process 1: 65536 rows nullable=true max_utf8 passed
process 1: 128 rows nullable=false min_utf8 passed
process 1: 65536 rows nullable=true sum_u64 passed
process 1: 8192 rows nullable=true mixed_7 passed
process 1: 8192 rows nullable=false sum_i64 passed
process 1: 8192 rows nullable=false sum_u64 passed
process 1: 65536 rows nullable=false max_i64 passed
process 1: 128 rows nullable=true covar_i64 passed
process 1: 8192 rows nullable=true avg_i64 passed
process 1: 8192 rows nullable=false min_utf8 passed
process 1: 8192 rows nullable=true sum_f64 passed
process 1: 65536 rows nullable=false sum_f64 passed
process 1: 65536 rows nullable=true max_i64 passed
process 1: 128 rows nullable=false sum_f64 passed
process 1: 65536 rows nullable=false count_star passed
process 1: 8192 rows nullable=false count_star passed
process 1: 65536 rows nullable=false avg_i64 passed
process 1: 8192 rows nullable=false covar_i64 passed
process 1: 128 rows nullable=true count_i64 passed
process 1: 128 rows nullable=true min_i64 passed
process 1: 8192 rows nullable=true count_distinct_i64 passed
process 1: 65536 rows nullable=true sum_i64 passed
process 1: 8192 rows nullable=true count_star passed
process 1: 8192 rows nullable=false sum_f64 passed
process 1: 128 rows nullable=false covar_i64 passed
process 1: 8192 rows nullable=false mixed_7 passed
process 1: 128 rows nullable=false count_i64 passed
process 1: 128 rows nullable=false max_i64 passed
process 1: 128 rows nullable=true count_distinct_i64 passed
process 1: 65536 rows nullable=false covar_i64 passed
process 1: 65536 rows nullable=true min_utf8 passed
process 1: 128 rows nullable=true sum_i64 passed
process 1: 65536 rows nullable=false sum_i64 passed
process 1: 8192 rows nullable=true count_i64 passed
process 1: 8192 rows nullable=true max_i64 passed
process 1: 65536 rows nullable=false count_distinct_i64 passed
process 1: 8192 rows nullable=true max_utf8 passed
process 1: 8192 rows nullable=false min_i64 passed
process 1: 128 rows nullable=false count_star passed
process 1: 128 rows nullable=true max_i64 passed
process 1: 128 rows nullable=true min_utf8 passed
process 1: 128 rows nullable=false count_distinct_i64 passed
process 1: 65536 rows nullable=true count_star passed
process 1: 8192 rows nullable=true sum_u64 passed
process 1: 8192 rows nullable=true min_utf8 passed
process 1: 65536 rows nullable=true count_i64 passed
