1/10 fused: 1t p:DF=38.366,Roc=38.035 m:DF=1.858,Roc=1.541; 4t p:DF=11.428,Roc=10.731 m:DF=0.731,Roc=0.806
1/10 reuse: 1t p:DF=38.506,Roc=39.332 m:DF=1.805,Roc=2.430; 4t p:DF=11.383,Roc=11.044 m:DF=0.784,Roc=0.895
2/10 fused: 1t p:DF=38.291,Roc=38.156 m:DF=1.797,Roc=1.504; 4t p:DF=11.465,Roc=10.814 m:DF=0.726,Roc=0.788
2/10 reuse: 1t p:DF=38.743,Roc=39.494 m:DF=1.807,Roc=2.455; 4t p:DF=11.479,Roc=11.071 m:DF=0.732,Roc=1.064
3/10 fused: 1t p:DF=38.576,Roc=37.778 m:DF=1.766,Roc=1.459; 4t p:DF=11.554,Roc=10.847 m:DF=0.748,Roc=0.975
3/10 reuse: 1t p:DF=38.720,Roc=39.915 m:DF=1.781,Roc=2.449; 4t p:DF=11.404,Roc=11.081 m:DF=0.745,Roc=1.113
4/10 reuse: 1t p:DF=38.769,Roc=39.507 m:DF=1.862,Roc=2.502; 4t p:DF=11.332,Roc=11.147 m:DF=0.727,Roc=0.966
4/10 fused: 1t p:DF=38.122,Roc=37.850 m:DF=1.768,Roc=1.447; 4t p:DF=11.433,Roc=10.947 m:DF=0.779,Roc=1.048
5/10 reuse: 1t p:DF=38.430,Roc=39.111 m:DF=1.796,Roc=2.459; 4t p:DF=11.500,Roc=11.179 m:DF=0.747,Roc=0.876
5/10 fused: 1t p:DF=38.321,Roc=38.331 m:DF=1.753,Roc=1.449; 4t p:DF=11.264,Roc=10.709 m:DF=0.764,Roc=0.866
6/10 fused: 1t p:DF=38.277,Roc=37.652 m:DF=1.754,Roc=1.438; 4t p:DF=11.491,Roc=10.844 m:DF=0.743,Roc=0.812
6/10 reuse: 1t p:DF=38.396,Roc=38.929 m:DF=1.785,Roc=2.458; 4t p:DF=11.368,Roc=11.071 m:DF=0.773,Roc=1.020
7/10 reuse: 1t p:DF=38.690,Roc=39.141 m:DF=1.784,Roc=2.439; 4t p:DF=11.524,Roc=11.185 m:DF=0.730,Roc=1.021
7/10 fused: 1t p:DF=38.250,Roc=37.755 m:DF=1.757,Roc=1.427; 4t p:DF=11.453,Roc=10.890 m:DF=0.759,Roc=0.777
8/10 fused: 1t p:DF=38.245,Roc=37.674 m:DF=1.784,Roc=1.427; 4t p:DF=11.476,Roc=10.773 m:DF=0.738,Roc=0.919
8/10 reuse: 1t p:DF=38.476,Roc=39.137 m:DF=1.854,Roc=2.510; 4t p:DF=11.355,Roc=11.058 m:DF=0.734,Roc=0.911
9/10 reuse: 1t p:DF=38.426,Roc=38.992 m:DF=1.800,Roc=2.443; 4t p:DF=11.444,Roc=11.027 m:DF=0.723,Roc=0.994
9/10 fused: 1t p:DF=38.108,Roc=37.829 m:DF=1.834,Roc=1.516; 4t p:DF=11.325,Roc=10.719 m:DF=0.734,Roc=0.861
10/10 reuse: 1t p:DF=38.586,Roc=39.106 m:DF=1.761,Roc=2.403; 4t p:DF=11.405,Roc=11.089 m:DF=0.707,Roc=0.882
10/10 fused: 1t p:DF=38.503,Roc=38.251 m:DF=1.812,Roc=1.492; 4t p:DF=11.453,Roc=10.790 m:DF=0.745,Roc=0.832
{
  "p/1t": {
    "reuse": {
      "roc_ms": 39.265435773048786,
      "datafusion_ms": 38.574039455018834,
      "roc_no_yield_ms": 39.25470728428624,
      "roc_gap_percent": 1.7923876467129896,
      "roc_vs_df_cluster_95_percent": [
        1.5050923550722128,
        2.136820805621853
      ],
      "previous_stage": "reuse",
      "stage_elapsed_reduction_percent": 0.0,
      "stage_reduction_95_percent": [
        -0.0,
        -0.0
      ]
    },
    "fused": {
      "roc_ms": 37.93037440817059,
      "datafusion_ms": 38.30560202220616,
      "roc_no_yield_ms": 38.05199098729575,
      "roc_gap_percent": -0.9795632863779158,
      "roc_vs_df_cluster_95_percent": [
        -1.3513255323515438,
        -0.6172350907070356
      ],
      "previous_stage": "reuse",
      "stage_elapsed_reduction_percent": 3.400093080832578,
      "stage_reduction_95_percent": [
        2.849278679356626,
        3.9932889402425564
      ]
    }
  },
  "m/1t": {
    "reuse": {
      "roc_ms": 2.4546396335532528,
      "datafusion_ms": 1.8032555793339833,
      "roc_no_yield_ms": 2.4660982538784997,
      "roc_gap_percent": 36.12266955856875,
      "roc_vs_df_cluster_95_percent": [
        35.446950896409305,
        36.77185626299519
      ],
      "previous_stage": "reuse",
      "stage_elapsed_reduction_percent": 0.0,
      "stage_reduction_95_percent": [
        -0.0,
        -0.0
      ]
    },
    "fused": {
      "roc_ms": 1.4693744310608392,
      "datafusion_ms": 1.7880375108489373,
      "roc_no_yield_ms": 1.4564154988195486,
      "roc_gap_percent": -17.821946008101406,
      "roc_vs_df_cluster_95_percent": [
        -18.461779806235135,
        -17.241899538476325
      ],
      "previous_stage": "reuse",
      "stage_elapsed_reduction_percent": 40.13889407734271,
      "stage_reduction_95_percent": [
        38.82924507630449,
        41.367020241217645
      ]
    }
  },
  "p/4t": {
    "reuse": {
      "roc_ms": 11.095059134926455,
      "datafusion_ms": 11.419059977603181,
      "roc_no_yield_ms": 11.140203407276982,
      "roc_gap_percent": -2.8373687791482527,
      "roc_vs_df_cluster_95_percent": [
        -3.1461818937348673,
        -2.502179117744585
      ],
      "previous_stage": "reuse",
      "stage_elapsed_reduction_percent": 0.0,
      "stage_reduction_95_percent": [
        -0.0,
        -0.0
      ]
    },
    "fused": {
      "roc_ms": 10.806242456093564,
      "datafusion_ms": 11.433971508038887,
      "roc_no_yield_ms": 10.821256118848055,
      "roc_gap_percent": -5.490035124750703,
      "roc_vs_df_cluster_95_percent": [
        -5.8333380330020335,
        -5.0980076251150415
      ],
      "previous_stage": "reuse",
      "stage_elapsed_reduction_percent": 2.603110765977956,
      "stage_reduction_95_percent": [
        2.256542059432942,
        3.041324569674242
      ]
    }
  },
  "m/4t": {
    "reuse": {
      "roc_ms": 0.970976016072906,
      "datafusion_ms": 0.7398730625500339,
      "roc_no_yield_ms": 0.9279572815958095,
      "roc_gap_percent": 31.235486899111663,
      "roc_vs_df_cluster_95_percent": [
        24.47606332432304,
        38.23481503695356
      ],
      "previous_stage": "reuse",
      "stage_elapsed_reduction_percent": 0.0,
      "stage_reduction_95_percent": [
        -0.0,
        -0.0
      ]
    },
    "fused": {
      "roc_ms": 0.8646157180608974,
      "datafusion_ms": 0.7464351088284449,
      "roc_no_yield_ms": 0.8691922491883264,
      "roc_gap_percent": 15.832670226075107,
      "roc_vs_df_cluster_95_percent": [
        10.349098489550856,
        22.261094041998497
      ],
      "previous_stage": "reuse",
      "stage_elapsed_reduction_percent": 10.95395728127052,
      "stage_reduction_95_percent": [
        4.147107276124595,
        17.28403080767982
      ]
    }
  }
}
